******************************************************************************
                  TI ARM Linker PC v20.2.0                     
******************************************************************************
>> Linked Thu Jul 16 12:15:06 2020

OUTPUT FILE NAME:   <usb_dev_keyboard.out>
ENTRY POINT SYMBOL: "_c_int00_noargs"  address: 00003549


MEMORY CONFIGURATION

         name            origin    length      used     unused   attr    fill
----------------------  --------  ---------  --------  --------  ----  --------
  FLASH                 00000000   00100000  00004276  000fbd8a  R  X
  SRAM                  20000000   00040000  0000056c  0003fa94  RW X


SEGMENT ALLOCATION MAP

run origin  load origin   length   init length attrs members
----------  ----------- ---------- ----------- ----- -------
00000000    00000000    00004278   00004278    r-x
  00000000    00000000    00000200   00000200    r-- .intvecs
  00000200    00000200    00003a70   00003a70    r-x .text
  00003c70    00003c70    00000566   00000566    r-- .const
  000041d8    000041d8    000000a0   000000a0    r-- .cinit
20000000    20000000    00000570   00000000    rw-
  20000000    20000000    00000224   00000000    rw- .data
  20000228    20000228    00000200   00000000    rw- .stack
  20000428    20000428    00000148   00000000    rw- .bss


SECTION ALLOCATION MAP

 output                                  attributes/
section   page    origin      length       input sections
--------  ----  ----------  ----------   ----------------
.intvecs   0    00000000    00000200     
                  00000000    00000200     startup_ccs.obj (.intvecs)

.text      0    00000200    00003a70     
                  00000200    00000c00     usbdenum.obj (.text)
                  00000e00    000007c0     usbdhid.obj (.text)
                  000015c0    00000450     usbdhidkeyb.obj (.text)
                  00001a10    00000240     pinout.obj (.text)
                  00001c50    00000240     usbdconfig.obj (.text)
                  00001e90    00000200     driverlib.lib : sysctl.obj (.text:SysCtlClockFreqSet)
                  00002090    000001f4     usb_dev_keyboard.obj (.text)
                  00002284    00000196     usbdcdesc.obj (.text)
                  0000241a    00000002     usblib.lib : usbdma.obj (.text:iDMAUSBArbSizeSet)
                  0000241c    0000016c     driverlib.lib : gpio.obj (.text:GPIOPadConfigSet)
                  00002588    00000164     usblib.lib : usbdma.obj (.text:USBLibDMAInit)
                  000026ec    000000f4                : usbdma.obj (.text:iDMAUSBTransfer)
                  000027e0    000000d0                : usbdma.obj (.text:uDMAUSBChannelAllocate)
                  000028b0    000000bc                : usbdma.obj (.text:uDMAUSBTransfer)
                  0000296c    0000009c     rtsv7M4_T_le_v4SPD16_eabi.lib : memcpy_t2.asm.obj (.text)
                  00002a08    00000090     buttons.obj (.text)
                  00002a98    00000088     usblib.lib : usbdma.obj (.text:iDMAUSBChannelAllocate)
                  00002b20    0000007c     driverlib.lib : udma.obj (.text:uDMAChannelTransferSet)
                  00002b9c    0000007a                   : usb.obj (.text:USBDevEndpointConfigSet)
                  00002c16    00000072     usblib.lib : usbdma.obj (.text:uDMAUSBUnitSizeSet)
                  00002c88    00000070     driverlib.lib : sysctl.obj (.text:SysCtlVCOGet)
                  00002cf8    00000070     usblib.lib : usbdma.obj (.text:uDMAUSBArbSizeSet)
                  00002d68    00000068     driverlib.lib : interrupt.obj (.text:IntDisable)
                  00002dd0    00000068                   : interrupt.obj (.text:IntEnable)
                  00002e38    00000068     rtsv7M4_T_le_v4SPD16_eabi.lib : copy_decompress_lzss.c.obj (.text:decompress:lzss:__TI_decompress_lzss)
                  00002ea0    00000064     driverlib.lib : interrupt.obj (.text:IntIsEnabled)
                  00002f04    00000064     usblib.lib : usbdma.obj (.text:uDMAUSBChannelEnable)
                  00002f68    0000005e     driverlib.lib : usb.obj (.text:USBDevEndpointStatusClear)
                  00002fc6    00000056     usblib.lib : usbdma.obj (.text:uDMAUSBChannelRelease)
                  0000301c    00000052                : usbulpi.obj (.text:ULPIConfigSet)
                  0000306e    00000002                : usbdma.obj (.text:iDMAUSBUnitSizeSet)
                  00003070    00000050     driverlib.lib : sysctl.obj (.text:SysCtlPeripheralReset)
                  000030c0    0000004c                   : gpio.obj (.text:GPIOPinConfigure)
                  0000310c    0000004c                   : usb.obj (.text:USBEndpointDMAConfigSet)
                  00003158    0000004c     usblib.lib : usbdma.obj (.text:iDMAUSBChannelEnable)
                  000031a4    0000004a     driverlib.lib : usb.obj (.text:USBDevEndpointStallClear)
                  000031ee    0000004a     usblib.lib : usbdma.obj (.text:uDMAUSBChannelDisable)
                  00003238    00000048     driverlib.lib : sysctl.obj (.text:_SysCtlFrequencyGet)
                  00003280    00000048                   : udma.obj (.text:uDMAChannelAttributeDisable)
                  000032c8    00000046                   : usb.obj (.text:USBEndpointDataGet)
                  0000330e    00000002     usblib.lib : usbdma.obj (.text:uDMAUSBChannelIntDisable)
                  00003310    00000044     rtsv7M4_T_le_v4SPD16_eabi.lib : autoinit.c.obj (.text:__TI_auto_init_nobinit_nopinit:__TI_auto_init_nobinit_nopinit)
                  00003354    0000003c     usblib.lib : usbdma.obj (.text:iDMAUSBChannelRelease)
                  00003390    0000003a     driverlib.lib : usb.obj (.text:USBFIFOConfigSet)
                  000033ca    00000002     usblib.lib : usbdma.obj (.text:uDMAUSBChannelIntEnable)
                  000033cc    00000038                : usbtick.obj (.text:InternalUSBRegisterTickHandler)
                  00003404    00000038                : usbtick.obj (.text:InternalUSBStartOfFrameTick)
                  0000343c    00000038     driverlib.lib : usb.obj (.text:USBIntStatusControl)
                  00003474    00000036                   : usb.obj (.text:USBEndpointDataPut)
                  000034aa    00000002     --HOLE-- [fill = 0]
                  000034ac    00000034                   : sysctl.obj (.text:SysCtlPeripheralDisable)
                  000034e0    00000034                   : sysctl.obj (.text:SysCtlPeripheralEnable)
                  00003514    00000034                   : usb.obj (.text:USBEndpointDataSend)
                  00003548    00000034     rtsv7M4_T_le_v4SPD16_eabi.lib : boot_cortex_m.c.obj (.text:_c_int00_noargs:_c_int00_noargs)
                  0000357c    00000034     usblib.lib : usbdma.obj (.text:iDMAUSBChannelStatus)
                  000035b0    00000032     driverlib.lib : usb.obj (.text:USBDevEndpointStall)
                  000035e2    00000032     usblib.lib : usbdma.obj (.text:iDMAUSBChannelDisable)
                  00003614    00000030                : usbdma.obj (.text:DMAUSBIntHandler)
                  00003644    00000030                : usbtick.obj (.text:InternalUSBTickInit)
                  00003674    0000002c     driverlib.lib : gpio.obj (.text:GPIODirModeSet)
                  000036a0    0000002c     usblib.lib : usbdesc.obj (.text:USBDescGet)
                  000036cc    0000002c     driverlib.lib : usb.obj (.text:USBIntDisableControl)
                  000036f8    0000002c     usblib.lib : usbdma.obj (.text:uDMAUSBIntStatus)
                  00003724    0000002a                : usbdesc.obj (.text:USBDescGetNum)
                  0000374e    0000002a     driverlib.lib : usb.obj (.text:USBDevEndpointDataAck)
                  00003778    00000028                   : usb.obj (.text:USBIntEnableControl)
                  000037a0    00000028                   : udma.obj (.text:uDMAChannelModeGet)
                  000037c8    00000024                   : usb.obj (.text:USBEndpointDMADisable)
                  000037ec    00000024                   : usb.obj (.text:USBEndpointDMAEnable)
                  00003810    00000024     usblib.lib : usbmode.obj (.text:USBStackModeSet)
                  00003834    00000024     driverlib.lib : udma.obj (.text:uDMAChannelControlSet)
                  00003858    00000022                   : usb.obj (.text:USBIntDisableEndpoint)
                  0000387a    00000022     usblib.lib : usbdma.obj (.text:uDMAUSBChannelStatus)
                  0000389c    00000020     driverlib.lib : sysctl.obj (.text:_SysCtlMemTimingGet)
                  000038bc    0000001e                   : usb.obj (.text:USBULPIRegRead)
                  000038da    0000001e                   : usb.obj (.text:USBULPIRegWrite)
                  000038f8    0000001c                   : usb.obj (.text:USBEndpointDataAvail)
                  00003914    0000001c     rtsv7M4_T_le_v4SPD16_eabi.lib : copy_zero_init.c.obj (.text:decompress:ZI:__TI_zero_init_nomemset:__TI_zero_init_nomemset)
                  00003930    0000001a     driverlib.lib : gpio.obj (.text:GPIOPinTypeGPIOOutput)
                  0000394a    0000001a                   : usb.obj (.text:USBEndpointDMAChannel)
                  00003964    00000018                   : udma.obj (.text:uDMAChannelDisable)
                  0000397c    00000018                   : udma.obj (.text:uDMAChannelEnable)
                  00003994    00000018     usbdhandler.obj (.text)
                  000039ac    00000016     driverlib.lib : gpio.obj (.text:GPIOPinTypeEthernetLED)
                  000039c2    00000016                   : gpio.obj (.text:GPIOPinTypeGPIOInput)
                  000039d8    00000016                   : gpio.obj (.text:GPIOPinTypeUART)
                  000039ee    00000016                   : gpio.obj (.text:GPIOPinTypeUSBAnalog)
                  00003a04    00000016                   : gpio.obj (.text:GPIOPinTypeUSBDigital)
                  00003a1a    00000016                   : usb.obj (.text:USBIntEnableEndpoint)
                  00003a30    00000014                   : sysctl.obj (.text:SysCtlUSBPLLDisable)
                  00003a44    00000014                   : sysctl.obj (.text:SysCtlUSBPLLEnable)
                  00003a58    00000014                   : systick.obj (.text:SysTickEnable)
                  00003a6c    00000014                   : systick.obj (.text:SysTickIntEnable)
                  00003a80    00000014                   : usb.obj (.text:USBDMAChannelConfigSet)
                  00003a94    00000014                   : usb.obj (.text:USBHostResume)
                  00003aa8    00000014                   : usb.obj (.text:_USBIndexWrite)
                  00003abc    00000012                   : usb.obj (.text:USBDMAChannelDisable)
                  00003ace    00000012                   : usb.obj (.text:USBDMAChannelEnable)
                  00003ae0    00000012                   : usb.obj (.text:USBDMAChannelIntDisable)
                  00003af2    00000012                   : usb.obj (.text:USBDMAChannelIntEnable)
                  00003b04    00000010                   : systick.obj (.text:SysTickPeriodSet)
                  00003b14    00000010                   : usb.obj (.text:USBEndpointStatus)
                  00003b24    0000000e     usblib.lib : usbdma.obj (.text:DMAUSBIntStatusClear)
                  00003b32    0000000e     driverlib.lib : usb.obj (.text:USBDMAChannelStatus)
                  00003b40    0000000e                   : usb.obj (.text:USBDevLPMDisable)
                  00003b4e    0000000e                   : usb.obj (.text:USBDevLPMEnable)
                  00003b5c    0000000e                   : usb.obj (.text:USBDevLPMRemoteWake)
                  00003b6a    0000000e                   : usb.obj (.text:USBULPIDisable)
                  00003b78    0000000e                   : usb.obj (.text:USBULPIEnable)
                  00003b86    0000000e     rtsv7M4_T_le_v4SPD16_eabi.lib : copy_decompress_none.c.obj (.text:decompress:none:__TI_decompress_none)
                  00003b94    0000000c     usblib.lib : usbtick.obj (.text:InternalUSBTickReset)
                  00003ba0    0000000c     driverlib.lib : usb.obj (.text:USBEndpointPacketCountSet)
                  00003bac    0000000c                   : usb.obj (.text:USBLPMIntEnable)
                  00003bb8    0000000c     startup_ccs.obj (.text)
                  00003bc4    0000000a     driverlib.lib : usb.obj (.text:USBClockEnable)
                  00003bce    0000000a                   : usb.obj (.text:USBControllerVersion)
                  00003bd8    0000000a                   : usb.obj (.text:USBDMAChannelAddressSet)
                  00003be2    0000000a                   : usb.obj (.text:USBDMAChannelCountSet)
                  00003bec    0000000a                   : usb.obj (.text:USBDevConnect)
                  00003bf6    0000000a                   : usb.obj (.text:USBDevDisconnect)
                  00003c00    0000000a                   : usb.obj (.text:USBIntStatusEndpoint)
                  00003c0a    0000000a                   : usb.obj (.text:USBLPMRemoteWakeEnabled)
                  00003c14    00000008                   : usb.obj (.text:USBDevMode)
                  00003c1c    00000008                   : usb.obj (.text:USBFIFOAddrGet)
                  00003c24    00000008                   : usb.obj (.text:USBOTGMode)
                  00003c2c    00000008     usblib.lib : usbdma.obj (.text:iDMAUSBChannelIntDisable)
                  00003c34    00000008                : usbdma.obj (.text:iDMAUSBChannelIntEnable)
                  00003c3c    00000006     driverlib.lib : gpio.obj (.text:GPIOPinRead)
                  00003c42    00000006                   : gpio.obj (.text:GPIOPinWrite)
                  00003c48    00000006                   : usb.obj (.text:USBDMAChannelIntStatus)
                  00003c4e    00000006                   : usb.obj (.text:USBDevLPMConfig)
                  00003c54    00000006                   : usb.obj (.text:USBLPMIntStatus)
                  00003c5a    00000006     usblib.lib : usbdma.obj (.text:iDMAUSBIntStatus)
                  00003c60    00000004                : usbdma.obj (.text:DMAUSBStatus)
                  00003c64    00000004     driverlib.lib : usb.obj (.text:USBDevAddrSet)
                  00003c68    00000004     rtsv7M4_T_le_v4SPD16_eabi.lib : pre_init.c.obj (.text:_system_pre_init)
                  00003c6c    00000004                                   : exit.c.obj (.text:abort:abort)

.const     0    00003c70    00000566     
                  00003c70    000001b0     driverlib.lib : sysctl.obj (.const:g_pppui32XTALtoVCO)
                  00003e20    000000c0     usb_dev_keyboard.obj (.const:g_ppi8KeyUsageCodes)
                  00003ee0    00000090     driverlib.lib : gpio.obj (.const:g_pui32GPIOBaseAddrs)
                  00003f70    0000006c                   : sysctl.obj (.const:g_pui32Xtals)
                  00003fdc    00000034     usb_keyb_structs.obj (.const:.string:g_pui8ConfigString)
                  00004010    00000034     usbdenum.obj (.const:g_psUSBDStdRequests)
                  00004044    00000030     usbdhid.obj (.const:g_sHIDHandlers)
                  00004074    00000030     driverlib.lib : sysctl.obj (.const:g_sXTALtoMEMTIM)
                  000040a4    0000002c     usb_keyb_structs.obj (.const:.string:g_pui8HIDInterfaceString)
                  000040d0    00000024     usb_keyb_structs.obj (.const:.string:g_pui8ManufacturerString)
                  000040f4    00000022     usbdhidkeyb.obj (.const:.string:g_pui8KeybReportDescriptor)
                  00004116    0000001e     usb_keyb_structs.obj (.const:.string:g_pui8ProductString)
                  00004134    00000018     usb_keyb_structs.obj (.const:g_ppui8StringDescriptors)
                  0000414c    00000014     usbdhidkeyb.obj (.const:$O1$$)
                  00004160    00000014     driverlib.lib : interrupt.obj (.const:g_pui32Dii16Regs)
                  00004174    00000014                   : interrupt.obj (.const:g_pui32EnRegs)
                  00004188    00000012     usb_keyb_structs.obj (.const:.string:g_pui8SeriailNumberString)
                  0000419a    00000002     --HOLE-- [fill = 0]
                  0000419c    00000008     driverlib.lib : sysctl.obj (.const:g_pui32VCOFrequencies)
                  000041a4    00000008     usbdhidkeyb.obj (.const:g_sHIDConfigSection)
                  000041ac    00000008     usbdhidkeyb.obj (.const:g_sHIDInEndpointSection)
                  000041b4    00000008     usbdhidkeyb.obj (.const:g_sHIDInterfaceSection)
                  000041bc    00000008     usbdhidkeyb.obj (.const:g_sHIDOutEndpointSection)
                  000041c4    00000007     usbdhidkeyb.obj (.const:.string:g_pui8HIDInEndpoint)
                  000041cb    00000007     usbdhidkeyb.obj (.const:.string:g_pui8HIDOutEndpoint)
                  000041d2    00000004     usb_keyb_structs.obj (.const:.string:g_pui8LangDescriptor)

.cinit     0    000041d8    000000a0     
                  000041d8    00000077     (.cinit..data.load) [load image, compression = lzss]
                  0000424f    00000001     --HOLE-- [fill = 0]
                  00004250    0000000c     (__TI_handler_table)
                  0000425c    00000004     --HOLE-- [fill = 0]
                  00004260    00000008     (.cinit..bss.load) [load image, compression = zero_init]
                  00004268    00000010     (__TI_cinit_table)

.init_array 
*          0    00000000    00000000     UNINITIALIZED

.data      0    20000000    00000224     UNINITIALIZED
                  20000000    0000011c     usb_keyb_structs.obj (.data:g_sKeyboardDevice)
                  2000011c    000000a0     usbdenum.obj (.data:$O1$$)
                  200001bc    00000014     usbdhidkeyb.obj (.data:g_psHIDSections)
                  200001d0    00000012     usbdhid.obj (.data:g_pui8HIDDeviceDescriptor)
                  200001e2    00000002     --HOLE--
                  200001e4    0000000c     usblib.lib : usbtick.obj (.data)
                  200001f0    00000009     usbdhidkeyb.obj (.data:g_pui8HIDInterface)
                  200001f9    00000009     usbdhidkeyb.obj (.data:g_pui8KeybDescriptor)
                  20000202    00000002     --HOLE--
                  20000204    00000009     usblib.lib : usbmode.obj (.data)
                  2000020d    00000003     usb_dev_keyboard.obj (.data)
                  20000210    00000008     usbdhidkeyb.obj (.data:g_sHIDConfigHeader)
                  20000218    00000008     usbdhidkeyb.obj (.data:g_sHIDDescriptorSection)
                  20000220    00000004     buttons.obj (.data:$O1$$)

.bss       0    20000428    00000148     UNINITIALIZED
                  20000428    00000110     usblib.lib : usbdma.obj (.bss:g_psUSBDMAInst)
                  20000538    00000018     (.common:g_pfnTickHandlers)
                  20000550    00000018     (.common:g_pvTickInstance)
                  20000568    00000004                : usbmode.obj (.bss)
                  2000056c    00000004     (.common:g_ui32SysTickCount)

.stack     0    20000228    00000200     UNINITIALIZED
                  20000228    00000004     rtsv7M4_T_le_v4SPD16_eabi.lib : boot_cortex_m.c.obj (.stack)
                  2000022c    000001fc     --HOLE--

__llvm_prf_cnts 
*          0    20000000    00000000     UNINITIALIZED

.binit     0    00000000    00000000     

MODULE SUMMARY

       Module                       code    ro data   rw data
       ------                       ----    -------   -------
    .\
       usbdhidkeyb.obj              1104    100       54     
       usb_dev_keyboard.obj         500     192       7      
       startup_ccs.obj              12      512       0      
       usb_keyb_structs.obj         0       208       284    
    +--+----------------------------+-------+---------+---------+
       Total:                       1616    1012      345    
                                                             
    .\device\
       usbdenum.obj                 3072    52        160    
       usbdhid.obj                  1984    48        18     
       usbdconfig.obj               576     0         0      
       usbdcdesc.obj                406     0         0      
       usbdhandler.obj              24      0         0      
    +--+----------------------------+-------+---------+---------+
       Total:                       6062    100       178    
                                                             
    .\drivers\
       pinout.obj                   576     0         0      
       buttons.obj                  144     0         4      
    +--+----------------------------+-------+---------+---------+
       Total:                       720     0         4      
                                                             
    C:/ti/TivaWare_C_Series-2.2.0.295/driverlib/ccs/Debug/driverlib.lib
       sysctl.obj                   952     596       0      
       usb.obj                      1456    0         0      
       gpio.obj                     632     144       0      
       interrupt.obj                308     40        0      
       udma.obj                     320     0         0      
       systick.obj                  56      0         0      
    +--+----------------------------+-------+---------+---------+
       Total:                       3724    780       0      
                                                             
    C:/ti/TivaWare_C_Series-2.2.0.295/usblib/ccs/Debug/usblib.lib
       usbdma.obj                   2030    0         272    
       usbtick.obj                  172     0         60     
       usbdesc.obj                  86      0         0      
       usbulpi.obj                  82      0         0      
       usbmode.obj                  36      0         13     
    +--+----------------------------+-------+---------+---------+
       Total:                       2406    0         345    
                                                             
    C:\ti\ccs1000\ccs\tools\compiler\ti-cgt-arm_20.2.0.LTS\lib\rtsv7M4_T_le_v4SPD16_eabi.lib
       memcpy_t2.asm.obj            156     0         0      
       copy_decompress_lzss.c.obj   104     0         0      
       autoinit.c.obj               68      0         0      
       boot_cortex_m.c.obj          52      0         0      
       copy_zero_init.c.obj         28      0         0      
       copy_decompress_none.c.obj   14      0         0      
       exit.c.obj                   4       0         0      
       pre_init.c.obj               4       0         0      
    +--+----------------------------+-------+---------+---------+
       Total:                       430     0         0      
                                                             
       Stack:                       0       0         512    
       Linker Generated:            0       155       0      
    +--+----------------------------+-------+---------+---------+
       Grand Total:                 14958   2047      1384   


LINKER GENERATED COPY TABLES

__TI_cinit_table @ 00004268 records: 2, size/record: 8, table size: 16
	.data: load addr=000041d8, load size=00000077 bytes, run addr=20000000, run size=00000224 bytes, compression=lzss
	.bss: load addr=00004260, load size=00000008 bytes, run addr=20000428, run size=00000148 bytes, compression=zero_init


LINKER GENERATED HANDLER TABLE

__TI_handler_table @ 00004250 records: 3, size/record: 4, table size: 12
	index: 0, handler: __TI_decompress_lzss
	index: 1, handler: __TI_decompress_none
	index: 2, handler: __TI_zero_init


GLOBAL SYMBOLS: SORTED ALPHABETICALLY BY Name 

address   name                                 
-------   ----                                 
00002a5f  ButtonsInit                          
00002a09  ButtonsPoll                          
00003c6d  C$$EXIT                              
00003675  GPIODirModeSet                       
0000241d  GPIOPadConfigSet                     
000030c1  GPIOPinConfigure                     
00003c3d  GPIOPinRead                          
000039ad  GPIOPinTypeEthernetLED               
000039c3  GPIOPinTypeGPIOInput                 
00003931  GPIOPinTypeGPIOOutput                
000039d9  GPIOPinTypeUART                      
000039ef  GPIOPinTypeUSBAnalog                 
00003a05  GPIOPinTypeUSBDigital                
00003c43  GPIOPinWrite                         
00002d69  IntDisable                           
00002dd1  IntEnable                            
00002ea1  IntIsEnabled                         
000033cd  InternalUSBRegisterTickHandler       
00003405  InternalUSBStartOfFrameTick          
00003645  InternalUSBTickInit                  
00003b95  InternalUSBTickReset                 
00002213  KeyboardHandler                      
00001bc9  LEDRead                              
00001b65  LEDWrite                             
00001a11  PinoutSet                            
00003bb9  ResetISR                             
00002207  SendReport                           
0000218d  SendString                           
00001e91  SysCtlClockFreqSet                   
000034ad  SysCtlPeripheralDisable              
000034e1  SysCtlPeripheralEnable               
00003071  SysCtlPeripheralReset                
00003a31  SysCtlUSBPLLDisable                  
00003a45  SysCtlUSBPLLEnable                   
00002c89  SysCtlVCOGet                         
00003a59  SysTickEnable                        
00003a6d  SysTickIntEnable                     
00002183  SysTickIntHandler                    
00003b05  SysTickPeriodSet                     
0000301d  ULPIConfigSet                        
00003995  USB0DeviceIntHandler                 
00003bc5  USBClockEnable                       
00003bcf  USBControllerVersion                 
000022eb  USBDCDConfigDescGet                  
000023ef  USBDCDConfigDescGetNum               
000023d5  USBDCDConfigDescGetSize              
0000233b  USBDCDConfigGetInterface             
0000239d  USBDCDConfigGetInterfaceEndpoint     
000022b9  USBDCDConfigGetNumAlternateInterfaces
00000be1  USBDCDDeviceInfoInit                 
00000dc5  USBDCDFeatureGet                     
00000d55  USBDCDFeatureSet                     
00000c1d  USBDCDInit                           
00000bc3  USBDCDPowerStatusSet                 
00000ba9  USBDCDRemoteWakeLPM                  
00000b6f  USBDCDRemoteWakeupRequest            
00000b5f  USBDCDRequestDataEP0                 
00000b53  USBDCDSendDataEP0                    
00000b4d  USBDCDSetDefaultConfiguration        
00000201  USBDCDStallEP0                       
00000b05  USBDCDTerm                           
00000f8d  USBDHIDCompositeInit                 
000017b3  USBDHIDGenericChange                 
00001071  USBDHIDInit                          
000016dd  USBDHIDKeyboardCompositeInit         
00001787  USBDHIDKeyboardInit                  
000015df  USBDHIDKeyboardKeyStateChange        
000015d9  USBDHIDKeyboardPowerStatusSet        
000015d3  USBDHIDKeyboardRemoteWakeupRequest   
000015cb  USBDHIDKeyboardSetCBData             
000015c1  USBDHIDKeyboardTerm                  
00000f11  USBDHIDPacketRead                    
00000f0b  USBDHIDPowerStatusSet                
00000f05  USBDHIDRemoteWakeupRequest           
00000e91  USBDHIDReportWrite                   
00000e2f  USBDHIDRxPacketAvailable             
00000e27  USBDHIDSetRxCBData                   
00000e1f  USBDHIDSetTxCBData                   
00000e0f  USBDHIDTerm                          
00000e01  USBDHIDTxPacketAvailable             
00003bd9  USBDMAChannelAddressSet              
00003a81  USBDMAChannelConfigSet               
00003be3  USBDMAChannelCountSet                
00003abd  USBDMAChannelDisable                 
00003acf  USBDMAChannelEnable                  
00003ae1  USBDMAChannelIntDisable              
00003af3  USBDMAChannelIntEnable               
00003c49  USBDMAChannelIntStatus               
00003b33  USBDMAChannelStatus                  
000036a1  USBDescGet                           
00003725  USBDescGetNum                        
00003c65  USBDevAddrSet                        
00003bed  USBDevConnect                        
00003bf7  USBDevDisconnect                     
00002b9d  USBDevEndpointConfigSet              
0000374f  USBDevEndpointDataAck                
000035b1  USBDevEndpointStall                  
000031a5  USBDevEndpointStallClear             
00002f69  USBDevEndpointStatusClear            
00003c4f  USBDevLPMConfig                      
00003b41  USBDevLPMDisable                     
00003b4f  USBDevLPMEnable                      
00003b5d  USBDevLPMRemoteWake                  
00003c15  USBDevMode                           
00001d4b  USBDeviceConfig                      
00001ca3  USBDeviceConfigAlternate             
000008f5  USBDeviceEnumHandler                 
0000084d  USBDeviceEnumResetHandler            
000009c3  USBDeviceIntHandlerInternal          
00000803  USBDeviceResumeTickHandler           
0000394b  USBEndpointDMAChannel                
0000310d  USBEndpointDMAConfigSet              
000037c9  USBEndpointDMADisable                
000037ed  USBEndpointDMAEnable                 
000038f9  USBEndpointDataAvail                 
000032c9  USBEndpointDataGet                   
00003475  USBEndpointDataPut                   
00003515  USBEndpointDataSend                  
00003ba1  USBEndpointPacketCountSet            
00003b15  USBEndpointStatus                    
00003c1d  USBFIFOAddrGet                       
00003391  USBFIFOConfigSet                     
00003a95  USBHostResume                        
000036cd  USBIntDisableControl                 
00003859  USBIntDisableEndpoint                
00003779  USBIntEnableControl                  
00003a1b  USBIntEnableEndpoint                 
0000343d  USBIntStatusControl                  
00003c01  USBIntStatusEndpoint                 
00003bad  USBLPMIntEnable                      
00003c55  USBLPMIntStatus                      
00003c0b  USBLPMRemoteWakeEnabled              
00002589  USBLibDMAInit                        
00003c25  USBOTGMode                           
00003811  USBStackModeSet                      
00003b6b  USBULPIDisable                       
00003b79  USBULPIEnable                        
000038bd  USBULPIRegRead                       
000038db  USBULPIRegWrite                      
00002161  WaitForSendIdle                      
20000428  __STACK_END                          
00000200  __STACK_SIZE                         
20000628  __STACK_TOP                          
00004268  __TI_CINIT_Base                      
00004278  __TI_CINIT_Limit                     
00004250  __TI_Handler_Table_Base              
0000425c  __TI_Handler_Table_Limit             
00003311  __TI_auto_init_nobinit_nopinit       
00002e39  __TI_decompress_lzss                 
00003b87  __TI_decompress_none                 
ffffffff  __TI_pprof_out_hndl                  
ffffffff  __TI_prof_data_size                  
ffffffff  __TI_prof_data_start                 
00000000  __TI_static_base__                   
00003915  __TI_zero_init_nomemset              
0000296d  __aeabi_memcpy                       
0000296d  __aeabi_memcpy4                      
0000296d  __aeabi_memcpy8                      
ffffffff  __binit__                            
ffffffff  __c_args__                           
UNDEFED   __mpu_init                           
20000228  __stack                              
20000000  __start___llvm_prf_cnts              
20000000  __stop___llvm_prf_cnts               
00003549  _c_int00_noargs                      
UNDEFED   _system_post_cinit                   
00003c69  _system_pre_init                     
00003c6d  abort                                
ffffffff  binit                                
2000020d  g_bConnected                         
2000020e  g_bSuspended                         
200001e4  g_bUSBTimerInitialized               
2000020f  g_eKeyboardState                     
20000204  g_iUSBMode                           
20000538  g_pfnTickHandlers                    
00000000  g_pfnVectors                         
20000124  g_ppsDevInfo                         
00004134  g_ppui8StringDescriptors             
2000016c  g_psDCDInst                          
00003fdc  g_pui8ConfigString                   
200001d0  g_pui8HIDDeviceDescriptor            
000040a4  g_pui8HIDInterfaceString             
000041d2  g_pui8LangDescriptor                 
000040d0  g_pui8ManufacturerString             
00004116  g_pui8ProductString                  
00004188  g_pui8SeriailNumberString            
20000550  g_pvTickInstance                     
00004044  g_sHIDHandlers                       
20000000  g_sKeyboardDevice                    
200001e8  g_ui32CurrentUSBTick                 
2000056c  g_ui32SysTickCount                   
200001ec  g_ui32USBSOFCount                    
20000208  g_ui32WaitTicks                      
00002091  main                                 
0000296d  memcpy                               
00003281  uDMAChannelAttributeDisable          
00003835  uDMAChannelControlSet                
00003965  uDMAChannelDisable                   
0000397d  uDMAChannelEnable                    
000037a1  uDMAChannelModeGet                   
00002b21  uDMAChannelTransferSet               


GLOBAL SYMBOLS: SORTED BY Symbol Address 

address   name                                 
-------   ----                                 
00000000  __TI_static_base__                   
00000000  g_pfnVectors                         
00000200  __STACK_SIZE                         
00000201  USBDCDStallEP0                       
00000803  USBDeviceResumeTickHandler           
0000084d  USBDeviceEnumResetHandler            
000008f5  USBDeviceEnumHandler                 
000009c3  USBDeviceIntHandlerInternal          
00000b05  USBDCDTerm                           
00000b4d  USBDCDSetDefaultConfiguration        
00000b53  USBDCDSendDataEP0                    
00000b5f  USBDCDRequestDataEP0                 
00000b6f  USBDCDRemoteWakeupRequest            
00000ba9  USBDCDRemoteWakeLPM                  
00000bc3  USBDCDPowerStatusSet                 
00000be1  USBDCDDeviceInfoInit                 
00000c1d  USBDCDInit                           
00000d55  USBDCDFeatureSet                     
00000dc5  USBDCDFeatureGet                     
00000e01  USBDHIDTxPacketAvailable             
00000e0f  USBDHIDTerm                          
00000e1f  USBDHIDSetTxCBData                   
00000e27  USBDHIDSetRxCBData                   
00000e2f  USBDHIDRxPacketAvailable             
00000e91  USBDHIDReportWrite                   
00000f05  USBDHIDRemoteWakeupRequest           
00000f0b  USBDHIDPowerStatusSet                
00000f11  USBDHIDPacketRead                    
00000f8d  USBDHIDCompositeInit                 
00001071  USBDHIDInit                          
000015c1  USBDHIDKeyboardTerm                  
000015cb  USBDHIDKeyboardSetCBData             
000015d3  USBDHIDKeyboardRemoteWakeupRequest   
000015d9  USBDHIDKeyboardPowerStatusSet        
000015df  USBDHIDKeyboardKeyStateChange        
000016dd  USBDHIDKeyboardCompositeInit         
00001787  USBDHIDKeyboardInit                  
000017b3  USBDHIDGenericChange                 
00001a11  PinoutSet                            
00001b65  LEDWrite                             
00001bc9  LEDRead                              
00001ca3  USBDeviceConfigAlternate             
00001d4b  USBDeviceConfig                      
00001e91  SysCtlClockFreqSet                   
00002091  main                                 
00002161  WaitForSendIdle                      
00002183  SysTickIntHandler                    
0000218d  SendString                           
00002207  SendReport                           
00002213  KeyboardHandler                      
000022b9  USBDCDConfigGetNumAlternateInterfaces
000022eb  USBDCDConfigDescGet                  
0000233b  USBDCDConfigGetInterface             
0000239d  USBDCDConfigGetInterfaceEndpoint     
000023d5  USBDCDConfigDescGetSize              
000023ef  USBDCDConfigDescGetNum               
0000241d  GPIOPadConfigSet                     
00002589  USBLibDMAInit                        
0000296d  __aeabi_memcpy                       
0000296d  __aeabi_memcpy4                      
0000296d  __aeabi_memcpy8                      
0000296d  memcpy                               
00002a09  ButtonsPoll                          
00002a5f  ButtonsInit                          
00002b21  uDMAChannelTransferSet               
00002b9d  USBDevEndpointConfigSet              
00002c89  SysCtlVCOGet                         
00002d69  IntDisable                           
00002dd1  IntEnable                            
00002e39  __TI_decompress_lzss                 
00002ea1  IntIsEnabled                         
00002f69  USBDevEndpointStatusClear            
0000301d  ULPIConfigSet                        
00003071  SysCtlPeripheralReset                
000030c1  GPIOPinConfigure                     
0000310d  USBEndpointDMAConfigSet              
000031a5  USBDevEndpointStallClear             
00003281  uDMAChannelAttributeDisable          
000032c9  USBEndpointDataGet                   
00003311  __TI_auto_init_nobinit_nopinit       
00003391  USBFIFOConfigSet                     
000033cd  InternalUSBRegisterTickHandler       
00003405  InternalUSBStartOfFrameTick          
0000343d  USBIntStatusControl                  
00003475  USBEndpointDataPut                   
000034ad  SysCtlPeripheralDisable              
000034e1  SysCtlPeripheralEnable               
00003515  USBEndpointDataSend                  
00003549  _c_int00_noargs                      
000035b1  USBDevEndpointStall                  
00003645  InternalUSBTickInit                  
00003675  GPIODirModeSet                       
000036a1  USBDescGet                           
000036cd  USBIntDisableControl                 
00003725  USBDescGetNum                        
0000374f  USBDevEndpointDataAck                
00003779  USBIntEnableControl                  
000037a1  uDMAChannelModeGet                   
000037c9  USBEndpointDMADisable                
000037ed  USBEndpointDMAEnable                 
00003811  USBStackModeSet                      
00003835  uDMAChannelControlSet                
00003859  USBIntDisableEndpoint                
000038bd  USBULPIRegRead                       
000038db  USBULPIRegWrite                      
000038f9  USBEndpointDataAvail                 
00003915  __TI_zero_init_nomemset              
00003931  GPIOPinTypeGPIOOutput                
0000394b  USBEndpointDMAChannel                
00003965  uDMAChannelDisable                   
0000397d  uDMAChannelEnable                    
00003995  USB0DeviceIntHandler                 
000039ad  GPIOPinTypeEthernetLED               
000039c3  GPIOPinTypeGPIOInput                 
000039d9  GPIOPinTypeUART                      
000039ef  GPIOPinTypeUSBAnalog                 
00003a05  GPIOPinTypeUSBDigital                
00003a1b  USBIntEnableEndpoint                 
00003a31  SysCtlUSBPLLDisable                  
00003a45  SysCtlUSBPLLEnable                   
00003a59  SysTickEnable                        
00003a6d  SysTickIntEnable                     
00003a81  USBDMAChannelConfigSet               
00003a95  USBHostResume                        
00003abd  USBDMAChannelDisable                 
00003acf  USBDMAChannelEnable                  
00003ae1  USBDMAChannelIntDisable              
00003af3  USBDMAChannelIntEnable               
00003b05  SysTickPeriodSet                     
00003b15  USBEndpointStatus                    
00003b33  USBDMAChannelStatus                  
00003b41  USBDevLPMDisable                     
00003b4f  USBDevLPMEnable                      
00003b5d  USBDevLPMRemoteWake                  
00003b6b  USBULPIDisable                       
00003b79  USBULPIEnable                        
00003b87  __TI_decompress_none                 
00003b95  InternalUSBTickReset                 
00003ba1  USBEndpointPacketCountSet            
00003bad  USBLPMIntEnable                      
00003bb9  ResetISR                             
00003bc5  USBClockEnable                       
00003bcf  USBControllerVersion                 
00003bd9  USBDMAChannelAddressSet              
00003be3  USBDMAChannelCountSet                
00003bed  USBDevConnect                        
00003bf7  USBDevDisconnect                     
00003c01  USBIntStatusEndpoint                 
00003c0b  USBLPMRemoteWakeEnabled              
00003c15  USBDevMode                           
00003c1d  USBFIFOAddrGet                       
00003c25  USBOTGMode                           
00003c3d  GPIOPinRead                          
00003c43  GPIOPinWrite                         
00003c49  USBDMAChannelIntStatus               
00003c4f  USBDevLPMConfig                      
00003c55  USBLPMIntStatus                      
00003c65  USBDevAddrSet                        
00003c69  _system_pre_init                     
00003c6d  C$$EXIT                              
00003c6d  abort                                
00003fdc  g_pui8ConfigString                   
00004044  g_sHIDHandlers                       
000040a4  g_pui8HIDInterfaceString             
000040d0  g_pui8ManufacturerString             
00004116  g_pui8ProductString                  
00004134  g_ppui8StringDescriptors             
00004188  g_pui8SeriailNumberString            
000041d2  g_pui8LangDescriptor                 
00004250  __TI_Handler_Table_Base              
0000425c  __TI_Handler_Table_Limit             
00004268  __TI_CINIT_Base                      
00004278  __TI_CINIT_Limit                     
20000000  __start___llvm_prf_cnts              
20000000  __stop___llvm_prf_cnts               
20000000  g_sKeyboardDevice                    
20000124  g_ppsDevInfo                         
2000016c  g_psDCDInst                          
200001d0  g_pui8HIDDeviceDescriptor            
200001e4  g_bUSBTimerInitialized               
200001e8  g_ui32CurrentUSBTick                 
200001ec  g_ui32USBSOFCount                    
20000204  g_iUSBMode                           
20000208  g_ui32WaitTicks                      
2000020d  g_bConnected                         
2000020e  g_bSuspended                         
2000020f  g_eKeyboardState                     
20000228  __stack                              
20000428  __STACK_END                          
20000538  g_pfnTickHandlers                    
20000550  g_pvTickInstance                     
2000056c  g_ui32SysTickCount                   
20000628  __STACK_TOP                          
ffffffff  __TI_pprof_out_hndl                  
ffffffff  __TI_prof_data_size                  
ffffffff  __TI_prof_data_start                 
ffffffff  __binit__                            
ffffffff  __c_args__                           
ffffffff  binit                                
UNDEFED   __mpu_init                           
UNDEFED   _system_post_cinit                   

[201 symbols]
